C51 COMPILER V9.59.0.0   ADC_INIT                                                          09/04/2018 10:50:11 PAGE 1   


C51 COMPILER V9.59.0.0, COMPILATION OF MODULE ADC_INIT
OBJECT MODULE PLACED IN ADC_Init.obj
COMPILER INVOKED BY: D:\keil4\C51\BIN\C51.EXE c\ADC_Init.c OPTIMIZE(8,SPEED) BROWSE DEBUG OBJECTEXTEND PRINT(.\ADC_Init.
                    -lst) TABS(2) OBJECT(ADC_Init.obj)

line level    source

   1          #include "H/Function_Init.H"
   2          
   3          void ADC_Init(uint Channel);
   4          unsigned int ADCValue = 0x0000;
   5          bit AdcFlag = 0;
   6          
   7          /***********ADC采样口选择*************/
   8          #if (IC_MODEL == SC92F7323)
   9            enum Channel {AIN0=0,AIN1,AIN2,AIN3,AIN4,AIN5,AIN6,AIN7,AIN8,AIN9,VDD4=15};
  10          #endif
  11          
  12          #if (IC_MODEL == SC92F7322)
                enum Channel {AIN0=0,AIN1,AIN4=4,AIN5,AIN6,AIN7,AIN8,AIN9,VDD4=15};
              #endif
  15            
  16          #if (IC_MODEL == SC92F7321)
                enum Channel {AIN0=0,AIN1,AIN2,AIN3,AIN8=8,AIN9,VDD4=15};
              #endif
  19            
  20          #if (IC_MODEL == SC92F7320)
                enum Channel {AIN0=0,AIN1,AIN6=6,AIN7,VDD4=15};
              #endif
  23            
  24          /*****************************************************
  25          *函数名称：void ADC_Init(void)
  26          *函数功能：ADC初始化
  27          *入口参数：void
  28          *出口参数：void
  29          *****************************************************/
  30          void ADC_Test(void)
  31          {
  32   1        ADC_Init(AIN0);
  33   1        while(1)
  34   1        {
  35   2          ADCCON |= 0X40;   //开始ADC转换
  36   2          while(!AdcFlag);               //等待 ADC转换完成;
  37   2          AdcFlag = 0;
  38   2          ADCValue = (ADCVH<<4)+(ADCVL>>4);
  39   2        }
  40   1      }
  41          /*****************************************************
  42          *函数名称：void ADC_Init(uint Channel)
  43          *函数功能：ADC初始化
  44          *入口参数：void
  45          *出口参数：Channel
  46          *****************************************************/
  47          void ADC_Init(uint Channel)
  48          {
  49   1        ADCCON = 0X80|Channel;    //开启ADC，ADC采样频率为2M ,选择Channel位ADC采样口
  50   1        if(Channel<8)
  51   1        {
  52   2          ADCCFG0 = 1<<Channel;   //设置Channel作为采样口
  53   2        }
  54   1        else
C51 COMPILER V9.59.0.0   ADC_INIT                                                          09/04/2018 10:50:11 PAGE 2   

  55   1        {
  56   2          ADCCFG1 = 1<<(Channel-8);   //设置Channel作为采样口
  57   2        }
  58   1        IE = 0X40;        //开启ADC中断
  59   1        EA = 1;
  60   1      }
  61          
  62          
  63          void ADC_Interrupt(void) interrupt 6
  64          {
  65   1        ADCCON &= ~(0X10);  //清中断标志位
  66   1        AdcFlag = 1;
  67   1      }


MODULE INFORMATION:   STATIC OVERLAYABLE
   CODE SIZE        =     97    ----
   CONSTANT SIZE    =   ----    ----
   XDATA SIZE       =   ----    ----
   PDATA SIZE       =   ----    ----
   DATA SIZE        =      2    ----
   IDATA SIZE       =   ----    ----
   BIT SIZE         =      1    ----
END OF MODULE INFORMATION.


C51 COMPILATION COMPLETE.  0 WARNING(S),  0 ERROR(S)
