C51 COMPILER V9.55   SSI_INIT                                                              04/17/2018 18:22:42 PAGE 1   


C51 COMPILER V9.55, COMPILATION OF MODULE SSI_INIT
OBJECT MODULE PLACED IN SSI_Init.obj
COMPILER INVOKED BY: C:\Keil_v5\C51\BIN\C51.EXE c\SSI_Init.c OPTIMIZE(8,SPEED) BROWSE DEBUG OBJECTEXTEND PRINT(.\SSI_Ini
                    -t.lst) OBJECT(SSI_Init.obj)

line level    source

   1          #include "H/Function_Init.H"
   2          
   3          //选择三合一模式：
   4          #define  Uart1  0
   5          #define  TWI    1
   6          #define  SPI    2
   7          
   8          #define  SSI_Mode  Uart1
   9          
  10          void Uart1_Init(uint Freq,unsigned long int baud);
  11          void TWI_Init(void);
  12          void SPI_Init(void);
  13          
  14          bit Uart1SendFlag = 0;    //Uart发送中断标志位
  15          bit Uart1ReceiveFlag = 0; //Uart接收中断标志位
  16          bit SPIFlag = 0;         //SPI数据传输完成标志位
  17          bit TWIFlag = 0;         //中断标志位
  18          /*****************************************************
  19          *函数名称：void SSI_Test(void)
  20          *函数功能：SSI测试
  21          *入口参数：void
  22          *出口参数：void
  23          *****************************************************/
  24          void SSI_Test(void)
  25          {
  26   1      #if (SSI_Mode == Uart1)
  27   1              Uart1_Init(16,9600);
  28   1              while(1)
  29   1              {
  30   2                      SSDAT = 0xAA;
  31   2                      while(!Uart1SendFlag);
  32   2                      Uart1SendFlag = 0;
  33   2              }
  34   1      #endif
  35   1              
  36   1      #if (SSI_Mode == TWI)
                      TWI_Init();
                      while(1)
                      {
                      }
              #endif
  42   1      
  43   1      #if (SSI_Mode == SPI)
                      SPI_Init();
                      while(1)
                      {
                              SSDAT = 0xAA;
                              while(!SPIFlag);
                              SPIFlag = 0;
                      }
              #endif  
  52   1      }
  53          /*****************************************************
  54          *函数名称：void Uart1_Init(uint Freq,unsigned long int baud)
C51 COMPILER V9.55   SSI_INIT                                                              04/17/2018 18:22:42 PAGE 2   

  55          *函数功能：Uart1中断初始化
  56          *入口参数：Freq-主频，baud-波特率
  57          *出口参数：Freq,baud
  58          *****************************************************/
  59          void Uart1_Init(uint Freq,unsigned long int baud)
  60          {
  61   1              OTCON = 0xC0;    //串行接口SSI选择Uart1通信
  62   1              SSCON0 = 0x50;   //设置通信方式为模式一，允许接收
  63   1              SSCON1 = Freq*1000000/baud;   //波特率低位控制
  64   1              SSCON2 = (Freq*1000000/baud)>>8;   //波特率高位控制
  65   1              IE1 = 0x01;      //开启SSI中断
  66   1          EA = 1;     
  67   1      }
  68          
  69          /*****************************************************
  70          *函数名称：void TWI_Init(void)
  71          *函数功能：TWI初始化
  72          *入口参数：void
  73          *出口参数：void
  74          *****************************************************/
  75          void TWI_Init(void)
  76          {
  77   1              OTCON = 0x80;  //选择TWI模式
  78   1              SSCON0 = 0x80;  // ---- x---  0为不允许接收，1为允许接收
  79   1              SSCON1 = 0x01;  //xxxx xxxy  x为地址寄存器，y为0禁止/1允许通用地址响应
  80   1              IE1 = 0x01;
  81   1              EA = 1;
  82   1      }
  83          
  84          /*****************************************************
  85          *函数名称：void TWI_Init(void)
  86          *函数功能：TWI初始化
  87          *入口参数：void
  88          *出口参数：void
  89          *****************************************************/
  90          void SPI_Init(void)
  91          {
  92   1              OTCON = 0X40;  //选择SPI模式
  93   1              SSCON0 = 0x2F; //设置SPI为主设备，SCK空闲时间为低电平，SCK周期第二沿采集数据，时钟速率为Fsys/512
  94   1              SSCON1 = 0x01;   //允许发送中断
  95   1              SSCON0 |= 0x80; //开启SPI
  96   1              IE1 = 0x01;
  97   1              EA = 1;
  98   1      }
  99          
 100          
 101          /*****************************************************
 102          *函数名称：void TWI_Int() interrupt 7
 103          *函数功能：SSI中断函数
 104          *入口参数：void
 105          *出口参数：void
 106          *****************************************************/
 107          #if (SSI_Mode == Uart1)
 108          void Uart1_Int() interrupt 7   //Uart1中断函数
 109          {
 110   1              if(SSCON0&0x02)    //接收标志位判断
 111   1              {
 112   2                      SSCON0 &= 0xFD;
 113   2                      Uart1SendFlag = 1;
 114   2              }
 115   1              if((SSCON0&0x01))  //发送标志位判断
 116   1              {
C51 COMPILER V9.55   SSI_INIT                                                              04/17/2018 18:22:42 PAGE 3   

 117   2                      SSCON0 &= 0xFE;
 118   2                      Uart1ReceiveFlag = 1;
 119   2              }       
 120   1      }
 121          #endif
 122          
 123          #if (SSI_Mode == TWI)
              void TWI_Int() interrupt 7     //TWI中断函数
              {
                      if(SSCON0&0x40)
                      {
                              SSCON0 &= 0xbf;  //中断清零
                              TWIFlag = 1;
                      }       
              }
              #endif 
 133          
 134          #if (SSI_Mode == SPI)
              void SpiInt(void) interrupt 7    //SPI中断函数
              {         
                      if(SSCON1&0X08)    //发送缓存器空标志判断
                      {
                              SSCON1 &= ~0X08;
                      }
                      if(SSCON1&0X80)    //数据传输标志位判断
                      {
                              SSCON1 &= ~0X80;
                              SPIFlag = 1;
                      }
              }
              #endif 


MODULE INFORMATION:   STATIC OVERLAYABLE
   CODE SIZE        =    166    ----
   CONSTANT SIZE    =   ----    ----
   XDATA SIZE       =   ----    ----
   PDATA SIZE       =   ----    ----
   DATA SIZE        =   ----       6
   IDATA SIZE       =   ----    ----
   BIT SIZE         =      4    ----
END OF MODULE INFORMATION.


C51 COMPILATION COMPLETE.  0 WARNING(S),  0 ERROR(S)
